Form reached process_checkin.php
Form reached process_checkin.php
Form reached process_checkin.php
Form reached process_checkin.php
Form reached process_checkin.php
Form reached process_checkin.php
Form reached process_checkin.php
2025-10-29 15:48:26 - Form reached process_checkin.php
2025-10-29 15:48:29 - Form reached process_checkin.php
2025-10-29 15:55:53 - Form reached process_checkin.php
2025-10-29 15:58:51 - Form reached process_checkin.php
2025-10-29 16:02:18 - Form reached process_checkin.php
2025-10-29 16:02:49 - Form reached process_checkin.php
2025-10-29 16:45:42 - Form reached process_checkin.php
2025-10-30 18:46:49 - Form reached process_checkin.php
2025-10-30 18:51:44 - Form reached process_checkin.php
2025-11-02 17:26:52 - Form reached process_checkin.php
2025-11-04 02:46:01 - Form reached process_checkin.php
2025-11-04 16:07:43 - Form reached process_checkin.php
2025-11-04 16:22:00 - Form reached process_checkin.php
2025-11-04 16:23:12 - Form reached process_checkin.php
2025-11-04 16:28:57 - Form reached process_checkin.php
